<?xml version="1.0" encoding="UTF-8" ?>
<testsuites name="vitest tests" tests="4" failures="0" errors="0" time="0.884">
    <testsuite name="src/__tests__/indexTest.test.jsx" timestamp="2026-05-07T18:24:41.081Z" hostname="MacBookAir" tests="4" failures="0" errors="0" skipped="0" time="0.035391166">
        <testcase classname="src/__tests__/indexTest.test.jsx" name="renders product dashboard title" time="0.020280667">
        </testcase>
        <testcase classname="src/__tests__/indexTest.test.jsx" name="displays all products initially" time="0.003724875">
        </testcase>
        <testcase classname="src/__tests__/indexTest.test.jsx" name="applies conditional styling for out-of-stock products" time="0.004342166">
        </testcase>
        <testcase classname="src/__tests__/indexTest.test.jsx" name="removes product from the dashboard when &quot;Remove&quot; button is clicked" time="0.006500375">
        </testcase>
    </testsuite>
</testsuites>
